I'm sorry, but errors were detected in your script. Please correct the
errors listed below, and try again.


File "game/doors.rpy", line 1337: end of line expected.
    show madden at f11 f
                       ^

Ren'Py Version: Ren'Py 7.3.5.606
Sun Dec 05 22:48:51 2021
